<html>
<body>
<pre>
<h1>µVision Build Log</h1>
<h2>Tool Versions:</h2>
IDE-Version: ¦ÌVision V5.24.2.0
Copyright (C) 2017 ARM Ltd and ARM Germany GmbH. All rights reserved.
License Information: aa ASUS, a, LIC=LSNXV-PM5MZ-NN0AF-6DRNT-TK5DY-0UBVG
 
Tool Versions:
Toolchain:       MDK-ARM Plus  Version: 5.24.1
Toolchain Path:  F:\Keil5\ARM\ARMCC\Bin
C Compiler:      Armcc.exe V5.06 update 5 (build 528)
Assembler:       Armasm.exe V5.06 update 5 (build 528)
Linker/Locator:  ArmLink.exe V5.06 update 5 (build 528)
Library Manager: ArmAr.exe V5.06 update 5 (build 528)
Hex Converter:   FromElf.exe V5.06 update 5 (build 528)
CPU DLL:         SARMCM3.DLL V5.24.1
Dialog DLL:      DCM.DLL V1.16.0.0
Target DLL:      STLink\ST-LINKIII-KEIL_SWO.dll V3.0.1.0
Dialog DLL:      TCM.DLL V1.32.0.0
 
<h2>Project:</h2>
E:\1-h7code\dm_ctrl(h7 fdcan) v1.1 Âã»ú - imuplus-3motor\MDK-ARM\CtrBoard.uvprojx
Project File Date:  02/01/2026

<h2>Output:</h2>
*** Using Compiler 'V5.06 update 5 (build 528)', folder: 'F:\Keil5\ARM\ARMCC\Bin'
Build target 'CtrBoard'
compiling main.c...
../Core/Src/main.c(252): warning:  #188-D: enumerated type mixed with another type
      
ower(1);        
../Core/Src/main.c(253): warning:  #188-D: enumerated type mixed with another type
      
ower_2(1);
../Core/Src/main.c(254): warning:  #188-D: enumerated type mixed with another type
      
ower_5v(1);
../Core/Src/main.c(474): warning:  #1-D: last line of file ends without a newline
  #endif /* USE_FULL_ASSERT */
../Core/Src/main.c: 4 warnings, 0 errors
linking...
Program Size: Code=28032 RO-data=1184 RW-data=88 ZI-data=4584  
FromELF: creating hex file...
"CtrBoard\CtrBoard.axf" - 0 Error(s), 4 Warning(s).

<h2>Software Packages used:</h2>

Package Vendor: ARM
                http://www.keil.com/pack/ARM.CMSIS.5.0.1.pack
                ARM.CMSIS.5.0.1
                CMSIS (Cortex Microcontroller Software Interface Standard)
   * Component: CORE Version: 5.0.1

Package Vendor: Keil
                https://www.keil.com/pack/Keil.STM32H7xx_DFP.3.1.1.pack
                Keil.STM32H7xx_DFP.3.1.1
                STMicroelectronics STM32H7 Series Device Support and Examples

<h2>Collection of Component include folders:</h2>
  .\RTE\_CtrBoard
  F:\Keil5\ARM\PACK\ARM\CMSIS\5.0.1\CMSIS\Include
  F:\Keil5\ARM\PACK\Keil\STM32H7xx_DFP\3.1.1\Drivers\CMSIS\Device\ST\STM32H7xx\Include

<h2>Collection of Component Files used:</h2>

   * Component: ARM::CMSIS:CORE:5.0.1
Build Time Elapsed:  00:00:05
</pre>
</body>
</html>
